This is pdfTeX, Version 3.141592653-2.6-1.40.27 (TeX Live 2025) (preloaded format=pdflatex 2026.2.19)  12 MAY 2026 23:55
entering extended mode
 restricted \write18 enabled.
 %&-line parsing enabled.
**"0 report.tex"
(./0 report.tex
LaTeX2e <2024-11-01> patch level 2
L3 programming layer <2025-01-18>
(c:/texlive/2025/texmf-dist/tex/latex/base/report.cls
Document Class: report 2024/06/29 v1.4n Standard LaTeX document class
(c:/texlive/2025/texmf-dist/tex/latex/base/size11.clo
File: size11.clo 2024/06/29 v1.4n Standard LaTeX file (size option)
)
\c@part=\count196
\c@chapter=\count197
\c@section=\count198
\c@subsection=\count199
\c@subsubsection=\count266
\c@paragraph=\count267
\c@subparagraph=\count268
\c@figure=\count269
\c@table=\count270
\abovecaptionskip=\skip49
\belowcaptionskip=\skip50
\bibindent=\dimen141
)
(c:/texlive/2025/texmf-dist/tex/latex/geometry/geometry.sty
Package: geometry 2020/01/02 v5.9 Page Geometry

(c:/texlive/2025/texmf-dist/tex/latex/graphics/keyval.sty
Package: keyval 2022/05/29 v1.15 key=value parser (DPC)
\KV@toks@=\toks17
)
(c:/texlive/2025/texmf-dist/tex/generic/iftex/ifvtex.sty
Package: ifvtex 2019/10/25 v1.7 ifvtex legacy package. Use iftex instead.

(c:/texlive/2025/texmf-dist/tex/generic/iftex/iftex.sty
Package: iftex 2024/12/12 v1.0g TeX engine tests
))
\Gm@cnth=\count271
\Gm@cntv=\count272
\c@Gm@tempcnt=\count273
\Gm@bindingoffset=\dimen142
\Gm@wd@mp=\dimen143
\Gm@odd@mp=\dimen144
\Gm@even@mp=\dimen145
\Gm@layoutwidth=\dimen146
\Gm@layoutheight=\dimen147
\Gm@layouthoffset=\dimen148
\Gm@layoutvoffset=\dimen149
\Gm@dimlist=\toks18
)
(c:/texlive/2025/texmf-dist/tex/latex/setspace/setspace.sty
Package: setspace 2022/12/04 v6.7b set line spacing
)
(c:/texlive/2025/texmf-dist/tex/latex/graphics/graphicx.sty
Package: graphicx 2021/09/16 v1.2d Enhanced LaTeX Graphics (DPC,SPQR)

(c:/texlive/2025/texmf-dist/tex/latex/graphics/graphics.sty
Package: graphics 2024/08/06 v1.4g Standard LaTeX Graphics (DPC,SPQR)

(c:/texlive/2025/texmf-dist/tex/latex/graphics/trig.sty
Package: trig 2023/12/02 v1.11 sin cos tan (DPC)
)
(c:/texlive/2025/texmf-dist/tex/latex/graphics-cfg/graphics.cfg
File: graphics.cfg 2016/06/04 v1.11 sample graphics configuration
)
Package graphics Info: Driver file: pdftex.def on input line 106.

(c:/texlive/2025/texmf-dist/tex/latex/graphics-def/pdftex.def
File: pdftex.def 2024/04/13 v1.2c Graphics/color driver for pdftex
))
\Gin@req@height=\dimen150
\Gin@req@width=\dimen151
)
(c:/texlive/2025/texmf-dist/tex/latex/wrapfig/wrapfig.sty
\wrapoverhang=\dimen152
\WF@size=\dimen153
\c@WF@wrappedlines=\count274
\WF@box=\box52
\WF@everypar=\toks19
Package: wrapfig 2003/01/31  v 3.6
)
(c:/texlive/2025/texmf-dist/tex/latex/caption/subcaption.sty
Package: subcaption 2023/07/28 v1.6b Sub-captions (AR)

(c:/texlive/2025/texmf-dist/tex/latex/caption/caption.sty
Package: caption 2023/08/05 v3.6o Customizing captions (AR)

(c:/texlive/2025/texmf-dist/tex/latex/caption/caption3.sty
Package: caption3 2023/07/31 v2.4d caption3 kernel (AR)
\caption@tempdima=\dimen154
\captionmargin=\dimen155
\caption@leftmargin=\dimen156
\caption@rightmargin=\dimen157
\caption@width=\dimen158
\caption@indent=\dimen159
\caption@parindent=\dimen160
\caption@hangindent=\dimen161
Package caption Info: Standard document class detected.
)
\c@caption@flags=\count275
\c@continuedfloat=\count276
Package caption Info: wrapfig package is loaded.
)
Package caption Info: New subtype `subfigure' on input line 238.
\c@subfigure=\count277
Package caption Info: New subtype `subtable' on input line 238.
\c@subtable=\count278
)
(c:/texlive/2025/texmf-dist/tex/latex/amsmath/amsmath.sty
Package: amsmath 2024/11/05 v2.17t AMS math features
\@mathmargin=\skip51

For additional information on amsmath, use the `?' option.
(c:/texlive/2025/texmf-dist/tex/latex/amsmath/amstext.sty
Package: amstext 2021/08/26 v2.01 AMS text

(c:/texlive/2025/texmf-dist/tex/latex/amsmath/amsgen.sty
File: amsgen.sty 1999/11/30 v2.0 generic functions
\@emptytoks=\toks20
\ex@=\dimen162
))
(c:/texlive/2025/texmf-dist/tex/latex/amsmath/amsbsy.sty
Package: amsbsy 1999/11/29 v1.2d Bold Symbols
\pmbraise@=\dimen163
)
(c:/texlive/2025/texmf-dist/tex/latex/amsmath/amsopn.sty
Package: amsopn 2022/04/08 v2.04 operator names
)
\inf@bad=\count279
LaTeX Info: Redefining \frac on input line 233.
\uproot@=\count280
\leftroot@=\count281
LaTeX Info: Redefining \overline on input line 398.
LaTeX Info: Redefining \colon on input line 409.
\classnum@=\count282
\DOTSCASE@=\count283
LaTeX Info: Redefining \ldots on input line 495.
LaTeX Info: Redefining \dots on input line 498.
LaTeX Info: Redefining \cdots on input line 619.
\Mathstrutbox@=\box53
\strutbox@=\box54
LaTeX Info: Redefining \big on input line 721.
LaTeX Info: Redefining \Big on input line 722.
LaTeX Info: Redefining \bigg on input line 723.
LaTeX Info: Redefining \Bigg on input line 724.
\big@size=\dimen164
LaTeX Font Info:    Redeclaring font encoding OML on input line 742.
LaTeX Font Info:    Redeclaring font encoding OMS on input line 743.
\macc@depth=\count284
LaTeX Info: Redefining \bmod on input line 904.
LaTeX Info: Redefining \pmod on input line 909.
LaTeX Info: Redefining \smash on input line 939.
LaTeX Info: Redefining \relbar on input line 969.
LaTeX Info: Redefining \Relbar on input line 970.
\c@MaxMatrixCols=\count285
\dotsspace@=\muskip17
\c@parentequation=\count286
\dspbrk@lvl=\count287
\tag@help=\toks21
\row@=\count288
\column@=\count289
\maxfields@=\count290
\andhelp@=\toks22
\eqnshift@=\dimen165
\alignsep@=\dimen166
\tagshift@=\dimen167
\tagwidth@=\dimen168
\totwidth@=\dimen169
\lineht@=\dimen170
\@envbody=\toks23
\multlinegap=\skip52
\multlinetaggap=\skip53
\mathdisplay@stack=\toks24
LaTeX Info: Redefining \[ on input line 2953.
LaTeX Info: Redefining \] on input line 2954.
)
(c:/texlive/2025/texmf-dist/tex/latex/amsfonts/amsfonts.sty
Package: amsfonts 2013/01/14 v3.01 Basic AMSFonts support
\symAMSa=\mathgroup4
\symAMSb=\mathgroup5
LaTeX Font Info:    Redeclaring math symbol \hbar on input line 98.
LaTeX Font Info:    Overwriting math alphabet `\mathfrak' in version `bold'
(Font)                  U/euf/m/n --> U/euf/b/n on input line 106.
)
(c:/texlive/2025/texmf-dist/tex/latex/amsfonts/amssymb.sty
Package: amssymb 2013/01/14 v3.01 AMS font symbols
)
(c:/texlive/2025/texmf-dist/tex/latex/amscls/amsthm.sty
Package: amsthm 2020/05/29 v2.20.6
\thm@style=\toks25
\thm@bodyfont=\toks26
\thm@headfont=\toks27
\thm@notefont=\toks28
\thm@headpunct=\toks29
\thm@preskip=\skip54
\thm@postskip=\skip55
\thm@headsep=\skip56
\dth@everypar=\toks30
)
(c:/texlive/2025/texmf-dist/tex/latex/bbm-macros/bbm.sty
Package: bbm 1999/03/15 V 1.2 provides fonts for set symbols - TH
LaTeX Font Info:    Overwriting math alphabet `\mathbbm' in version `bold'
(Font)                  U/bbm/m/n --> U/bbm/bx/n on input line 33.
LaTeX Font Info:    Overwriting math alphabet `\mathbbmss' in version `bold'
(Font)                  U/bbmss/m/n --> U/bbmss/bx/n on input line 35.
)
(c:/texlive/2025/texmf-dist/tex/latex/was/upgreek.sty
Package: upgreek 2003/02/12 v2.0 (WaS)
Package upgreek Info: Using Euler Roman for upright Greek on input line 31.
\symugrf@m=\mathgroup6
LaTeX Font Info:    Overwriting symbol font `ugrf@m' in version `bold'
(Font)                  U/eur/m/n --> U/eur/b/n on input line 38.
)
(c:/texlive/2025/texmf-dist/tex/latex/accents/accents.sty
Package: accents 2006/05/12 v1.4 Math Accent Tools
\cc@skew=\dimen171
\cc@wd=\dimen172
\cc@code=\count291
\cc@group=\count292
\cc@skewchar=\count293
)
(c:/texlive/2025/texmf-dist/tex/latex/jknapltx/mathrsfs.sty
Package: mathrsfs 1996/01/01 Math RSFS package v1.0 (jk)
\symrsfs=\mathgroup7
)
(c:/texlive/2025/texmf-dist/tex/latex/mathtools/mathtools.sty
Package: mathtools 2024/10/04 v1.31 mathematical typesetting tools

(c:/texlive/2025/texmf-dist/tex/latex/tools/calc.sty
Package: calc 2023/07/08 v4.3 Infix arithmetic (KKT,FJ)
\calc@Acount=\count294
\calc@Bcount=\count295
\calc@Adimen=\dimen173
\calc@Bdimen=\dimen174
\calc@Askip=\skip57
\calc@Bskip=\skip58
LaTeX Info: Redefining \setlength on input line 80.
LaTeX Info: Redefining \addtolength on input line 81.
\calc@Ccount=\count296
\calc@Cskip=\skip59
)
(c:/texlive/2025/texmf-dist/tex/latex/mathtools/mhsetup.sty
Package: mhsetup 2021/03/18 v1.4 programming setup (MH)
)
\g_MT_multlinerow_int=\count297
\l_MT_multwidth_dim=\dimen175
\origjot=\skip60
\l_MT_shortvdotswithinadjustabove_dim=\dimen176
\l_MT_shortvdotswithinadjustbelow_dim=\dimen177
\l_MT_above_intertext_sep=\dimen178
\l_MT_below_intertext_sep=\dimen179
\l_MT_above_shortintertext_sep=\dimen180
\l_MT_below_shortintertext_sep=\dimen181
\xmathstrut@box=\box55
\xmathstrut@dim=\dimen182
)
(c:/texlive/2025/texmf-dist/tex/latex/titlesec/titlesec.sty
Package: titlesec 2025/01/04 v2.17 Sectioning titles
\ttl@box=\box56
\beforetitleunit=\skip61
\aftertitleunit=\skip62
\ttl@plus=\dimen183
\ttl@minus=\dimen184
\ttl@toksa=\toks31
\titlewidth=\dimen185
\titlewidthlast=\dimen186
\titlewidthfirst=\dimen187
)
(c:/texlive/2025/texmf-dist/tex/latex/xcolor/xcolor.sty
Package: xcolor 2024/09/29 v3.02 LaTeX color extensions (UK)

(c:/texlive/2025/texmf-dist/tex/latex/graphics-cfg/color.cfg
File: color.cfg 2016/01/02 v1.6 sample color configuration
)
Package xcolor Info: Driver file: pdftex.def on input line 274.

(c:/texlive/2025/texmf-dist/tex/latex/graphics/mathcolor.ltx)
Package xcolor Info: Model `cmy' substituted by `cmy0' on input line 1349.
Package xcolor Info: Model `hsb' substituted by `rgb' on input line 1353.
Package xcolor Info: Model `RGB' extended on input line 1365.
Package xcolor Info: Model `HTML' substituted by `rgb' on input line 1367.
Package xcolor Info: Model `Hsb' substituted by `hsb' on input line 1368.
Package xcolor Info: Model `tHsb' substituted by `hsb' on input line 1369.
Package xcolor Info: Model `HSB' substituted by `hsb' on input line 1370.
Package xcolor Info: Model `Gray' substituted by `gray' on input line 1371.
Package xcolor Info: Model `wave' substituted by `hsb' on input line 1372.
)
(c:/texlive/2025/texmf-dist/tex/latex/hyperref/hyperref.sty
Package: hyperref 2024-11-05 v7.01l Hypertext links for LaTeX

(c:/texlive/2025/texmf-dist/tex/latex/kvsetkeys/kvsetkeys.sty
Package: kvsetkeys 2022-10-05 v1.19 Key value parser (HO)
)
(c:/texlive/2025/texmf-dist/tex/generic/kvdefinekeys/kvdefinekeys.sty
Package: kvdefinekeys 2019-12-19 v1.6 Define keys (HO)
)
(c:/texlive/2025/texmf-dist/tex/generic/pdfescape/pdfescape.sty
Package: pdfescape 2019/12/09 v1.15 Implements pdfTeX's escape features (HO)

(c:/texlive/2025/texmf-dist/tex/generic/ltxcmds/ltxcmds.sty
Package: ltxcmds 2023-12-04 v1.26 LaTeX kernel commands for general use (HO)
)
(c:/texlive/2025/texmf-dist/tex/generic/pdftexcmds/pdftexcmds.sty
Package: pdftexcmds 2020-06-27 v0.33 Utility functions of pdfTeX for LuaTeX (HO
)

(c:/texlive/2025/texmf-dist/tex/generic/infwarerr/infwarerr.sty
Package: infwarerr 2019/12/03 v1.5 Providing info/warning/error messages (HO)
)
Package pdftexcmds Info: \pdf@primitive is available.
Package pdftexcmds Info: \pdf@ifprimitive is available.
Package pdftexcmds Info: \pdfdraftmode found.
))
(c:/texlive/2025/texmf-dist/tex/latex/hycolor/hycolor.sty
Package: hycolor 2020-01-27 v1.10 Color options for hyperref/bookmark (HO)
)
(c:/texlive/2025/texmf-dist/tex/latex/hyperref/nameref.sty
Package: nameref 2023-11-26 v2.56 Cross-referencing by name of section

(c:/texlive/2025/texmf-dist/tex/latex/refcount/refcount.sty
Package: refcount 2019/12/15 v3.6 Data extraction from label references (HO)
)
(c:/texlive/2025/texmf-dist/tex/generic/gettitlestring/gettitlestring.sty
Package: gettitlestring 2019/12/15 v1.6 Cleanup title references (HO)

(c:/texlive/2025/texmf-dist/tex/latex/kvoptions/kvoptions.sty
Package: kvoptions 2022-06-15 v3.15 Key value format for package options (HO)
))
\c@section@level=\count298
)
(c:/texlive/2025/texmf-dist/tex/latex/etoolbox/etoolbox.sty
Package: etoolbox 2025/02/11 v2.5l e-TeX tools for LaTeX (JAW)
\etb@tempcnta=\count299
)
(c:/texlive/2025/texmf-dist/tex/generic/stringenc/stringenc.sty
Package: stringenc 2019/11/29 v1.12 Convert strings between diff. encodings (HO
)
)
\@linkdim=\dimen188
\Hy@linkcounter=\count300
\Hy@pagecounter=\count301

(c:/texlive/2025/texmf-dist/tex/latex/hyperref/pd1enc.def
File: pd1enc.def 2024-11-05 v7.01l Hyperref: PDFDocEncoding definition (HO)
Now handling font encoding PD1 ...
... no UTF-8 mapping file for font encoding PD1
)
(c:/texlive/2025/texmf-dist/tex/generic/intcalc/intcalc.sty
Package: intcalc 2019/12/15 v1.3 Expandable calculations with integers (HO)
)
\Hy@SavedSpaceFactor=\count302

(c:/texlive/2025/texmf-dist/tex/latex/hyperref/puenc.def
File: puenc.def 2024-11-05 v7.01l Hyperref: PDF Unicode definition (HO)
Now handling font encoding PU ...
... no UTF-8 mapping file for font encoding PU
)
Package hyperref Info: Hyper figures OFF on input line 4157.
Package hyperref Info: Link nesting OFF on input line 4162.
Package hyperref Info: Hyper index ON on input line 4165.
Package hyperref Info: Plain pages OFF on input line 4172.
Package hyperref Info: Backreferencing OFF on input line 4177.
Package hyperref Info: Implicit mode ON; LaTeX internals redefined.
Package hyperref Info: Bookmarks ON on input line 4424.
\c@Hy@tempcnt=\count303

(c:/texlive/2025/texmf-dist/tex/latex/url/url.sty
\Urlmuskip=\muskip18
Package: url 2013/09/16  ver 3.4  Verb mode for urls, etc.
)
LaTeX Info: Redefining \url on input line 4763.
\XeTeXLinkMargin=\dimen189

(c:/texlive/2025/texmf-dist/tex/generic/bitset/bitset.sty
Package: bitset 2019/12/09 v1.3 Handle bit-vector datatype (HO)

(c:/texlive/2025/texmf-dist/tex/generic/bigintcalc/bigintcalc.sty
Package: bigintcalc 2019/12/15 v1.5 Expandable calculations on big integers (HO
)
))
\Fld@menulength=\count304
\Field@Width=\dimen190
\Fld@charsize=\dimen191
Package hyperref Info: Hyper figures OFF on input line 6042.
Package hyperref Info: Link nesting OFF on input line 6047.
Package hyperref Info: Hyper index ON on input line 6050.
Package hyperref Info: backreferencing OFF on input line 6057.
Package hyperref Info: Link coloring OFF on input line 6062.
Package hyperref Info: Link coloring with OCG OFF on input line 6067.
Package hyperref Info: PDF/A mode OFF on input line 6072.

(c:/texlive/2025/texmf-dist/tex/latex/base/atbegshi-ltx.sty
Package: atbegshi-ltx 2021/01/10 v1.0c Emulation of the original atbegshi
package with kernel methods
)
\Hy@abspage=\count305
\c@Item=\count306
\c@Hfootnote=\count307
)
Package hyperref Info: Driver (autodetected): hpdftex.

(c:/texlive/2025/texmf-dist/tex/latex/hyperref/hpdftex.def
File: hpdftex.def 2024-11-05 v7.01l Hyperref driver for pdfTeX

(c:/texlive/2025/texmf-dist/tex/latex/base/atveryend-ltx.sty
Package: atveryend-ltx 2020/08/19 v1.0a Emulation of the original atveryend pac
kage
with kernel methods
)
\Fld@listcount=\count308
\c@bookmark@seq@number=\count309

(c:/texlive/2025/texmf-dist/tex/latex/rerunfilecheck/rerunfilecheck.sty
Package: rerunfilecheck 2022-07-10 v1.10 Rerun checks for auxiliary files (HO)

(c:/texlive/2025/texmf-dist/tex/generic/uniquecounter/uniquecounter.sty
Package: uniquecounter 2019/12/15 v1.4 Provide unlimited unique counter (HO)
)
Package uniquecounter Info: New unique counter `rerunfilecheck' on input line 2
85.
)
\Hy@SectionHShift=\skip63
)
(c:/texlive/2025/texmf-dist/tex/latex/tools/xspace.sty
Package: xspace 2014/10/28 v1.13 Space after command names (DPC,MH)
)
(c:/texlive/2025/texmf-dist/tex/latex/xargs/xargs.sty
Package: xargs 2008/03/22 v1.1  extended macro definitions  (mpg)

(c:/texlive/2025/texmf-dist/tex/latex/xkeyval/xkeyval.sty
Package: xkeyval 2022/06/16 v2.9 package option processing (HA)

(c:/texlive/2025/texmf-dist/tex/generic/xkeyval/xkeyval.tex
(c:/texlive/2025/texmf-dist/tex/generic/xkeyval/xkvutils.tex
\XKV@toks=\toks32
\XKV@tempa@toks=\toks33
)
\XKV@depth=\count310
File: xkeyval.tex 2014/12/03 v2.7a key=value parser (HA)
))
\xargs@max=\count311
\xargs@toksa=\toks34
\xargs@toksb=\toks35
)
(c:/texlive/2025/texmf-dist/tex/latex/enumitem/enumitem.sty
Package: enumitem 2025/02/06 v3.11 Customized lists
\labelindent=\skip64
\enit@outerparindent=\dimen192
\enit@toks=\toks36
\enit@inbox=\box57
\enit@count@id=\count312
\enitdp@description=\count313
)
(c:/texlive/2025/texmf-dist/tex/latex/booktabs/booktabs.sty
Package: booktabs 2020/01/12 v1.61803398 Publication quality tables
\heavyrulewidth=\dimen193
\lightrulewidth=\dimen194
\cmidrulewidth=\dimen195
\belowrulesep=\dimen196
\belowbottomsep=\dimen197
\aboverulesep=\dimen198
\abovetopsep=\dimen199
\cmidrulesep=\dimen256
\cmidrulekern=\dimen257
\defaultaddspace=\dimen258
\@cmidla=\count314
\@cmidlb=\count315
\@aboverulesep=\dimen259
\@belowrulesep=\dimen260
\@thisruleclass=\count316
\@lastruleclass=\count317
\@thisrulewidth=\dimen261
)
(c:/texlive/2025/texmf-dist/tex/latex/tools/tabularx.sty
Package: tabularx 2023/12/11 v2.12a `tabularx' package (DPC)

(c:/texlive/2025/texmf-dist/tex/latex/tools/array.sty
Package: array 2024/10/17 v2.6g Tabular extension package (FMi)
\col@sep=\dimen262
\ar@mcellbox=\box58
\extrarowheight=\dimen263
\NC@list=\toks37
\extratabsurround=\skip65
\backup@length=\skip66
\ar@cellbox=\box59
)
\TX@col@width=\dimen264
\TX@old@table=\dimen265
\TX@old@col=\dimen266
\TX@target=\dimen267
\TX@delta=\dimen268
\TX@cols=\count318
\TX@ftn=\toks38
)
(c:/texlive/2025/texmf-dist/tex/latex/footmisc/footmisc.sty
Package: footmisc 2024/12/24 v6.0g a miscellany of footnote facilities
\FN@temptoken=\toks39
\footnotemargin=\dimen269
\@outputbox@depth=\dimen270
Package footmisc Info: Declaring symbol style bringhurst on input line 699.
Package footmisc Info: Declaring symbol style chicago on input line 707.
Package footmisc Info: Declaring symbol style wiley on input line 716.
Package footmisc Info: Declaring symbol style lamport-robust on input line 727.

Package footmisc Info: Declaring symbol style lamport* on input line 747.
Package footmisc Info: Declaring symbol style lamport*-robust on input line 768
.
)
(c:/texlive/2025/texmf-dist/tex/latex/biblatex/biblatex.sty
Package: biblatex 2024/03/21 v3.20 programmable bibliographies (PK/MW)

(c:/texlive/2025/texmf-dist/tex/latex/logreq/logreq.sty
Package: logreq 2010/08/04 v1.0 xml request logger
\lrq@indent=\count319

(c:/texlive/2025/texmf-dist/tex/latex/logreq/logreq.def
File: logreq.def 2010/08/04 v1.0 logreq spec v1.0
))
(c:/texlive/2025/texmf-dist/tex/latex/base/ifthen.sty
Package: ifthen 2024/03/16 v1.1e Standard LaTeX ifthen package (DPC)
)
\c@tabx@nest=\count320
\c@listtotal=\count321
\c@listcount=\count322
\c@liststart=\count323
\c@liststop=\count324
\c@citecount=\count325
\c@citetotal=\count326
\c@multicitecount=\count327
\c@multicitetotal=\count328
\c@instcount=\count329
\c@maxnames=\count330
\c@minnames=\count331
\c@maxitems=\count332
\c@minitems=\count333
\c@citecounter=\count334
\c@maxcitecounter=\count335
\c@savedcitecounter=\count336
\c@uniquelist=\count337
\c@uniquename=\count338
\c@refsection=\count339
\c@refsegment=\count340
\c@maxextratitle=\count341
\c@maxextratitleyear=\count342
\c@maxextraname=\count343
\c@maxextradate=\count344
\c@maxextraalpha=\count345
\c@abbrvpenalty=\count346
\c@highnamepenalty=\count347
\c@lownamepenalty=\count348
\c@maxparens=\count349
\c@parenlevel=\count350
\blx@tempcnta=\count351
\blx@tempcntb=\count352
\blx@tempcntc=\count353
\c@blx@maxsection=\count354
\blx@maxsegment@0=\count355
\blx@notetype=\count356
\blx@parenlevel@text=\count357
\blx@parenlevel@foot=\count358
\blx@sectionciteorder@0=\count359
\blx@sectionciteorderinternal@0=\count360
\blx@entrysetcounter=\count361
\blx@biblioinstance=\count362
\labelnumberwidth=\skip67
\labelalphawidth=\skip68
\biblabelsep=\skip69
\bibitemsep=\skip70
\bibnamesep=\skip71
\bibinitsep=\skip72
\bibparsep=\skip73
\bibhang=\skip74
\blx@bcfin=\read2
\blx@bcfout=\write3
\blx@langwohyphens=\language90
\c@mincomprange=\count363
\c@maxcomprange=\count364
\c@mincompwidth=\count365
Package biblatex Info: Trying to load biblatex default data model...
Package biblatex Info: ... file 'blx-dm.def' found.

(c:/texlive/2025/texmf-dist/tex/latex/biblatex/blx-dm.def
File: blx-dm.def 2024/03/21 v3.20 biblatex datamodel (PK/MW)
)
Package biblatex Info: Trying to load biblatex style data model...
Package biblatex Info: ... file 'ext-authoryear.dbx' not found.
Package biblatex Info: Trying to load biblatex custom data model...
Package biblatex Info: ... file 'biblatex-dm.cfg' not found.
\c@afterword=\count366
\c@savedafterword=\count367
\c@annotator=\count368
\c@savedannotator=\count369
\c@author=\count370
\c@savedauthor=\count371
\c@bookauthor=\count372
\c@savedbookauthor=\count373
\c@commentator=\count374
\c@savedcommentator=\count375
\c@editor=\count376
\c@savededitor=\count377
\c@editora=\count378
\c@savededitora=\count379
\c@editorb=\count380
\c@savededitorb=\count381
\c@editorc=\count382
\c@savededitorc=\count383
\c@foreword=\count384
\c@savedforeword=\count385
\c@holder=\count386
\c@savedholder=\count387
\c@introduction=\count388
\c@savedintroduction=\count389
\c@namea=\count390
\c@savednamea=\count391
\c@nameb=\count392
\c@savednameb=\count393
\c@namec=\count394
\c@savednamec=\count395
\c@translator=\count396
\c@savedtranslator=\count397
\c@shortauthor=\count398
\c@savedshortauthor=\count399
\c@shorteditor=\count400
\c@savedshorteditor=\count401
\c@labelname=\count402
\c@savedlabelname=\count403
\c@institution=\count404
\c@savedinstitution=\count405
\c@lista=\count406
\c@savedlista=\count407
\c@listb=\count408
\c@savedlistb=\count409
\c@listc=\count410
\c@savedlistc=\count411
\c@listd=\count412
\c@savedlistd=\count413
\c@liste=\count414
\c@savedliste=\count415
\c@listf=\count416
\c@savedlistf=\count417
\c@location=\count418
\c@savedlocation=\count419
\c@organization=\count420
\c@savedorganization=\count421
\c@origlocation=\count422
\c@savedoriglocation=\count423
\c@origpublisher=\count424
\c@savedorigpublisher=\count425
\c@publisher=\count426
\c@savedpublisher=\count427
\c@language=\count428
\c@savedlanguage=\count429
\c@origlanguage=\count430
\c@savedoriglanguage=\count431
\c@pageref=\count432
\c@savedpageref=\count433
\shorthandwidth=\skip75
\shortjournalwidth=\skip76
\shortserieswidth=\skip77
\shorttitlewidth=\skip78
\shortauthorwidth=\skip79
\shorteditorwidth=\skip80
\locallabelnumberwidth=\skip81
\locallabelalphawidth=\skip82
\localshorthandwidth=\skip83
\localshortjournalwidth=\skip84
\localshortserieswidth=\skip85
\localshorttitlewidth=\skip86
\localshortauthorwidth=\skip87
\localshorteditorwidth=\skip88
Package biblatex Info: Trying to load compatibility code...
Package biblatex Info: ... file 'blx-compat.def' found.

(c:/texlive/2025/texmf-dist/tex/latex/biblatex/blx-compat.def
File: blx-compat.def 2024/03/21 v3.20 biblatex compatibility (PK/MW)
)
Package biblatex Info: Trying to load generic definitions...
Package biblatex Info: ... file 'biblatex.def' found.

(c:/texlive/2025/texmf-dist/tex/latex/biblatex/biblatex.def
File: biblatex.def 2024/03/21 v3.20 biblatex compatibility (PK/MW)
\c@textcitecount=\count434
\c@textcitetotal=\count435
\c@textcitemaxnames=\count436
\c@biburlbigbreakpenalty=\count437
\c@biburlbreakpenalty=\count438
\c@biburlnumpenalty=\count439
\c@biburlucpenalty=\count440
\c@biburllcpenalty=\count441
\biburlbigskip=\muskip19
\biburlnumskip=\muskip20
\biburlucskip=\muskip21
\biburllcskip=\muskip22
\c@smartand=\count442
)
Package biblatex Info: Trying to load bibliography style 'ext-authoryear'...
Package biblatex Info: ... file 'ext-authoryear.bbx' found.

(c:/texlive/2025/texmf-dist/tex/latex/biblatex-ext/ext-authoryear.bbx
File: ext-authoryear.bbx 2024/03/24 v0.18 extended biblatex authoryear bibliogr
aphy style (MW)
Package biblatex Info: Trying to load bibliography style 'ext-standard'...
Package biblatex Info: ... file 'ext-standard.bbx' found.

(c:/texlive/2025/texmf-dist/tex/latex/biblatex-ext/ext-standard.bbx
File: ext-standard.bbx 2024/03/24 v0.18 extended biblatex standard style (MW)
Package biblatex Info: Trying to load auxiliary code for ext-biblatex...
Package biblatex Info: ... file 'ext-biblatex-aux.def' found.

(c:/texlive/2025/texmf-dist/tex/latex/biblatex-ext/ext-biblatex-aux.def
File: ext-biblatex-aux.def 2024/03/24 v0.18 auxiliaries for extended biblatex c
itation style (MW)
)
Package biblatex Info: Trying to load bibliography style 'standard'...
Package biblatex Info: ... file 'standard.bbx' found.

(c:/texlive/2025/texmf-dist/tex/latex/biblatex/bbx/standard.bbx
File: standard.bbx 2024/03/21 v3.20 biblatex bibliography style (PK/MW)
\c@bbx:relatedcount=\count443
\c@bbx:relatedtotal=\count444
)
\extbl@this@introcitewidth=\skip89
\introcitewidth=\skip90
\introcitesep=\skip91
Package biblatex Info: Delimiter 'innametitledelim' in context 'bib' already de
fined, overwriting.
Package biblatex Info: Delimiter 'innametitledelim' in context 'biblist' alread
y defined, overwriting.
)
Package biblatex Info: Trying to load bibliography style 'authoryear'...
Package biblatex Info: ... file 'authoryear.bbx' found.

(c:/texlive/2025/texmf-dist/tex/latex/biblatex/bbx/authoryear.bbx
File: authoryear.bbx 2024/03/21 v3.20 biblatex bibliography style (PK/MW)
)
Package biblatex Info: Trying to load bibliography style 'ext-authoryear-common
'...
Package biblatex Info: ... file 'ext-authoryear-common.bbx' found.

(c:/texlive/2025/texmf-dist/tex/latex/biblatex-ext/ext-authoryear-common.bbx
File: ext-authoryear-common.bbx 2024/03/24 v0.18 common files for extended bibl
atex authoryear bibliography styles (MW)
Package biblatex Info: Trying to load bibliography style 'ext-dashed-common'...

Package biblatex Info: ... file 'ext-dashed-common.bbx' found.

(c:/texlive/2025/texmf-dist/tex/latex/biblatex-ext/ext-dashed-common.bbx
File: ext-dashed-common.bbx 2024/03/24 v0.18 common files for extended biblatex
 dashed bibliography styles (MW)
)))
Package biblatex Info: Trying to load citation style 'ext-authoryear'...
Package biblatex Info: ... file 'ext-authoryear.cbx' found.

(c:/texlive/2025/texmf-dist/tex/latex/biblatex-ext/ext-authoryear.cbx
File: ext-authoryear.cbx 2024/03/24 v0.18 extended biblatex authoryear citation
 style (MW)
Package biblatex Info: Trying to load citation style 'authoryear'...
Package biblatex Info: ... file 'authoryear.cbx' found.

(c:/texlive/2025/texmf-dist/tex/latex/biblatex/cbx/authoryear.cbx
File: authoryear.cbx 2024/03/21 v3.20 biblatex citation style (PK/MW)
Package biblatex Info: Redefining '\cite'.
Package biblatex Info: Redefining '\parencite'.
Package biblatex Info: Redefining '\footcite'.
Package biblatex Info: Redefining '\footcitetext'.
Package biblatex Info: Redefining '\smartcite'.
Package biblatex Info: Redefining '\textcite'.
Package biblatex Info: Redefining '\textcites'.
)
Package biblatex Info: Redefining '\cite'.
Package biblatex Info: Redefining '\parencite'.
Package biblatex Info: Redefining '\footcite'.
Package biblatex Info: Redefining '\footcitetext'.
Package biblatex Info: Redefining '\smartcite'.
Package biblatex Info: Redefining '\textcite'.
Package biblatex Info: Redefining '\cites'.
Package biblatex Info: Redefining '\parencites'.
Package biblatex Info: Redefining '\footcites'.
Package biblatex Info: Redefining '\footcitetexts'.
Package biblatex Info: Redefining '\smartcites'.
Package biblatex Info: Redefining '\textcites'.
)
Package biblatex Info: Trying to load configuration file...
Package biblatex Info: ... file 'biblatex.cfg' found.

(c:/texlive/2025/texmf-dist/tex/latex/biblatex/biblatex.cfg
File: biblatex.cfg 
)
Package biblatex Info: Input encoding 'utf8' detected.
Package biblatex Info: Document encoding is UTF8 ....

(c:/texlive/2025/texmf-dist/tex/latex/l3kernel/expl3.sty
Package: expl3 2025-01-18 L3 programming layer (loader) 

(c:/texlive/2025/texmf-dist/tex/latex/l3backend/l3backend-pdftex.def
File: l3backend-pdftex.def 2024-05-08 L3 backend support: PDF output (pdfTeX)
\l__color_backend_stack_int=\count445
\l__pdf_internal_box=\box60
))
Package biblatex Info: ... and expl3
(biblatex)             2025-01-18 L3 programming layer (loader) 
(biblatex)             is new enough (at least 2020/04/06),
(biblatex)             setting 'casechanger=expl3'.

(c:/texlive/2025/texmf-dist/tex/latex/biblatex/blx-case-expl3.sty
(c:/texlive/2025/texmf-dist/tex/latex/l3packages/xparse/xparse.sty
Package: xparse 2024-08-16 L3 Experimental document command parser
)
Package: blx-case-expl3 2024/03/21 v3.20 expl3 case changing code for biblatex
))
(c:/texlive/2025/texmf-dist/tex/latex/tocbibind/tocbibind.sty
Package: tocbibind 2010/10/13 v1.5k extra ToC listings
Package tocbibind Info: The document has chapter divisions on input line 50.


Package tocbibind Note: Using chapter style headings, unless overridden.

) (c:/texlive/2025/texmf-dist/tex/latex/appendix/appendix.sty
Package: appendix 2020/02/08 v1.2c extra appendix facilities
\c@@pps=\count446
\c@@ppsavesec=\count447
\c@@ppsaveapp=\count448
)
(c:/texlive/2025/texmf-dist/tex/latex/comment/comment.sty
\CommentStream=\write4

Excluding comment 'comment')
Package hyperref Info: Option `colorlinks' set `true' on input line 37.
\c@thm=\count449
\c@clm=\count450
\c@rmk=\count451
\c@dfn=\count452


LaTeX Warning: \include should only be used after \begin{document} on input lin
e 67.

(./boimacros.tex)
\@quotelevel=\count453
\@quotereset=\count454
 (./0 report.aux)
\openout1 = `"0 report.aux"'.

LaTeX Font Info:    Checking defaults for OML/cmm/m/it on input line 68.
LaTeX Font Info:    ... okay on input line 68.
LaTeX Font Info:    Checking defaults for OMS/cmsy/m/n on input line 68.
LaTeX Font Info:    ... okay on input line 68.
LaTeX Font Info:    Checking defaults for OT1/cmr/m/n on input line 68.
LaTeX Font Info:    ... okay on input line 68.
LaTeX Font Info:    Checking defaults for T1/cmr/m/n on input line 68.
LaTeX Font Info:    ... okay on input line 68.
LaTeX Font Info:    Checking defaults for TS1/cmr/m/n on input line 68.
LaTeX Font Info:    ... okay on input line 68.
LaTeX Font Info:    Checking defaults for OMX/cmex/m/n on input line 68.
LaTeX Font Info:    ... okay on input line 68.
LaTeX Font Info:    Checking defaults for U/cmr/m/n on input line 68.
LaTeX Font Info:    ... okay on input line 68.
LaTeX Font Info:    Checking defaults for PD1/pdf/m/n on input line 68.
LaTeX Font Info:    ... okay on input line 68.
LaTeX Font Info:    Checking defaults for PU/pdf/m/n on input line 68.
LaTeX Font Info:    ... okay on input line 68.

*geometry* driver: auto-detecting
*geometry* detected driver: pdftex
*geometry* verbose mode - [ preamble ] result:
* driver: pdftex
* paper: <default>
* layout: <same size as paper>
* layoutoffset:(h,v)=(0.0pt,0.0pt)
* modes: 
* h-part:(L,W,R)=(72.27pt, 469.75499pt, 72.27pt)
* v-part:(T,H,B)=(57.81598pt, 650.43pt, 86.72401pt)
* \paperwidth=614.295pt
* \paperheight=794.96999pt
* \textwidth=469.75499pt
* \textheight=650.43pt
* \oddsidemargin=0.00002pt
* \evensidemargin=0.00002pt
* \topmargin=-51.45401pt
* \headheight=12.0pt
* \headsep=25.0pt
* \topskip=11.0pt
* \footskip=30.0pt
* \marginparwidth=59.0pt
* \marginparsep=10.0pt
* \columnsep=10.0pt
* \skip\footins=10.0pt plus 4.0pt minus 2.0pt
* \hoffset=0.0pt
* \voffset=0.0pt
* \mag=1000
* \@twocolumnfalse
* \@twosidefalse
* \@mparswitchfalse
* \@reversemarginfalse
* (1in=72.27pt=25.4mm, 1cm=28.453pt)

(c:/texlive/2025/texmf-dist/tex/context/base/mkii/supp-pdf.mkii
[Loading MPS to PDF converter (version 2006.09.02).]
\scratchcounter=\count455
\scratchdimen=\dimen271
\scratchbox=\box61
\nofMPsegments=\count456
\nofMParguments=\count457
\everyMPshowfont=\toks40
\MPscratchCnt=\count458
\MPscratchDim=\dimen272
\MPnumerator=\count459
\makeMPintoPDFobject=\count460
\everyMPtoPDFconversion=\toks41
) (c:/texlive/2025/texmf-dist/tex/latex/epstopdf-pkg/epstopdf-base.sty
Package: epstopdf-base 2020-01-24 v2.11 Base part for package epstopdf
Package epstopdf-base Info: Redefining graphics rule for `.eps' on input line 4
85.

(c:/texlive/2025/texmf-dist/tex/latex/latexconfig/epstopdf-sys.cfg
File: epstopdf-sys.cfg 2010/07/13 v1.3 Configuration of (r)epstopdf for TeX Liv
e
))
Package caption Info: Begin \AtBeginDocument code.
Package caption Info: hyperref package is loaded.
Package caption Info: End \AtBeginDocument code.
Package hyperref Info: Link coloring ON on input line 68.

(./0 report.out) (./0 report.out)
\@outlinefile=\write5
\openout5 = `"0 report.out"'.

Package biblatex Info: Trying to load language 'english'...
Package biblatex Info: ... file 'english.lbx' found.

(c:/texlive/2025/texmf-dist/tex/latex/biblatex/lbx/english.lbx
File: english.lbx 2024/03/21 v3.20 biblatex localization (PK/MW)
)
Package biblatex Info: Input encoding 'utf8' detected.
Package biblatex Info: Automatic encoding selection.
(biblatex)             Assuming data encoding 'utf8'.
\openout3 = `"0 report.bcf"'.

Package biblatex Info: Trying to load bibliographic data...
Package biblatex Info: ... file '"0 report".bbl' found.
 (./0 report.bbl)
Package biblatex Info: Reference section=0 on input line 68.
Package biblatex Info: Reference segment=0 on input line 68.
LaTeX Font Info:    Trying to load font information for U+msa on input line 71.

 (c:/texlive/2025/texmf-dist/tex/latex/amsfonts/umsa.fd
File: umsa.fd 2013/01/14 v3.01 AMS symbols A
)
LaTeX Font Info:    Trying to load font information for U+msb on input line 71.


(c:/texlive/2025/texmf-dist/tex/latex/amsfonts/umsb.fd
File: umsb.fd 2013/01/14 v3.01 AMS symbols B
)
LaTeX Font Info:    Trying to load font information for U+rsfs on input line 71
.

(c:/texlive/2025/texmf-dist/tex/latex/jknapltx/ursfs.fd
File: ursfs.fd 1998/03/24 rsfs font definition file (jk)
)
! Missing } inserted.
<inserted text> 
                }
l.71 \vspace
            *{2cm}
I've put in what seems to be necessary to fix
the current column of the current alignment.
Try to go on, since this might almost work.

! Extra }, or forgotten \endgroup.
\@author ...nendranath Basu,\\ ISRU, ISI Kolkata.}
                                                  
l.71 \vspace
            *{2cm}
I've deleted a group-closing symbol because it seems to be
spurious, as in `$x}$'. But perhaps the } is legitimate and
you forgot something else, as in `\hbox{$x}'. In such cases
the way to recover is to insert both the forgotten and the
deleted material, e.g., by typing `I$}'.



[1

{c:/texlive/2025/texmf-var/fonts/map/pdftex/updmap/pdftex.map}]
Overfull \hbox (15.30592pt too wide) in paragraph at lines 74--75
[]\OT1/cmr/m/n/10.95 We in-tro-duce the \OT1/cmr/m/it/10.95 Si-nu-soidal dis-tr
i-bu-tion\OT1/cmr/m/n/10.95 , a flex-i-ble 4-parameter location-scale-skewness-

 []

(./0 report.toc


pdfTeX warning (ext4): destination with the same identifier (name{page.1}) has 
been already used, duplicate ignored
<to be read again> 
                   \relax 
l.21 ...line {3}Fitting strategies}{12}{chapter.3}
                                                  % [1])
\tf@toc=\write6
\openout6 = `"0 report.toc"'.



[2]
Chapter 1.
(./1 intro.tex)

[3

]
Chapter 2.
(./2.1 sinu.tex Excluding 'comment' comment.
<fig/2-pdf.pdf, id=299, 572.1375pt x 427.5975pt>
File: fig/2-pdf.pdf Graphic file (type pdf)
<use fig/2-pdf.pdf>
Package pdftex.def Info: fig/2-pdf.pdf  used on input line 49.
(pdftex.def)             Requested size: 230.18251pt x 172.03423pt.
<fig/2-cdf.pdf, id=300, 572.1375pt x 427.5975pt>
File: fig/2-cdf.pdf Graphic file (type pdf)
<use fig/2-cdf.pdf>
Package pdftex.def Info: fig/2-cdf.pdf  used on input line 53.
(pdftex.def)             Requested size: 230.18251pt x 172.03423pt.
<fig/2-hf.pdf, id=301, 572.1375pt x 427.5975pt>
File: fig/2-hf.pdf Graphic file (type pdf)
<use fig/2-hf.pdf>
Package pdftex.def Info: fig/2-hf.pdf  used on input line 57.
(pdftex.def)             Requested size: 230.18251pt x 172.03423pt.
<fig/2-dqf.pdf, id=302, 572.1375pt x 427.5975pt>
File: fig/2-dqf.pdf Graphic file (type pdf)
<use fig/2-dqf.pdf>
Package pdftex.def Info: fig/2-dqf.pdf  used on input line 61.
(pdftex.def)             Requested size: 230.18251pt x 172.03423pt.


[4

]

[5 <./fig/2-pdf.pdf> <./fig/2-cdf.pdf> <./fig/2-hf.pdf> <./fig/2-dqf.pdf>]
<fig/2-skewvss.pdf, id=353, 572.1375pt x 427.5975pt>
File: fig/2-skewvss.pdf Graphic file (type pdf)
<use fig/2-skewvss.pdf>
Package pdftex.def Info: fig/2-skewvss.pdf  used on input line 86.
(pdftex.def)             Requested size: 225.48038pt x 168.51747pt.
<fig/2-kurtvsk.pdf, id=354, 572.1375pt x 427.5975pt>
File: fig/2-kurtvsk.pdf Graphic file (type pdf)
<use fig/2-kurtvsk.pdf>
Package pdftex.def Info: fig/2-kurtvsk.pdf  used on input line 90.
(pdftex.def)             Requested size: 225.48038pt x 168.51747pt.
)
(./2.2 prelim math.tex Excluding 'comment' comment.

[6 <./fig/2-skewvss.pdf> <./fig/2-kurtvsk.pdf>] Excluding 'comment' comment.

Package amsmath Warning: Foreign command \atopwithdelims;
(amsmath)                \frac or \genfrac should be used instead
(amsmath)                 on input line 70.



[7] Excluding 'comment' comment.) (./2.3 ghgf math.tex

[8]

[9] Excluding 'comment' comment.) (./2.4 numerical properties.tex
<fig/2.5-sumdens.pdf, id=432, 572.1375pt x 427.5975pt>
File: fig/2.5-sumdens.pdf Graphic file (type pdf)
<use fig/2.5-sumdens.pdf>
Package pdftex.def Info: fig/2.5-sumdens.pdf  used on input line 15.
(pdftex.def)             Requested size: 281.85585pt x 210.65337pt.


LaTeX Warning: `!h' float specifier changed to `!ht'.

<fig/2-skewkurtcover.pdf, id=434, 572.1375pt x 427.5975pt>
File: fig/2-skewkurtcover.pdf Graphic file (type pdf)
<use fig/2-skewkurtcover.pdf>
Package pdftex.def Info: fig/2-skewkurtcover.pdf  used on input line 25.
(pdftex.def)             Requested size: 375.80542pt x 280.86462pt.

LaTeX Warning: `!h' float specifier changed to `!ht'.

)

[10]

[11 <./fig/2.5-sumdens.pdf> <./fig/2-skewkurtcover.pdf>]
Chapter 3.
(./3.1 fitting.tex
Overfull \hbox (10.26193pt too wide) in paragraph at lines 5--6
\OT1/cmr/m/it/10.95 tion $[]\OT1/cmr/m/n/10.95 (\OML/cmm/m/it/10.95 a; d; s; k\
OT1/cmr/m/n/10.95 )$ are not an-a-lyt-i-cally solv-able, as we de-tail be-low. 
Con-sider $\OML/cmm/m/it/10.95 X[] [] []\OT1/cmr/m/n/10.95 (\OML/cmm/m/it/10.95
 a; d; s; k\OT1/cmr/m/n/10.95 )\OML/cmm/m/it/10.95 ;  i \OT1/cmr/m/n/10.95 =
 []

LaTeX Font Info:    Trying to load font information for U+bbm on input line 6.
(c:/texlive/2025/texmf-dist/tex/latex/bbm-macros/ubbm.fd
File: ubbm.fd 1999/03/15 V 1.2 Font definition for bbm font - TH
)

Package amsmath Warning: Foreign command \over;
(amsmath)                \frac or \genfrac should be used instead
(amsmath)                 on input line 10.



[12

]

[13]
<fig/past/3-fitsinu-msm-hist.png, id=475, 698.61pt x 434.37282pt>
File: fig/past/3-fitsinu-msm-hist.png Graphic file (type png)
<use fig/past/3-fitsinu-msm-hist.png>
Package pdftex.def Info: fig/past/3-fitsinu-msm-hist.png  used on input line 46
.
(pdftex.def)             Requested size: 375.80542pt x 233.66304pt.
<fig/past/3-fitsinu-msm-curve.png, id=476, 696.35156pt x 556.32843pt>
File: fig/past/3-fitsinu-msm-curve.png Graphic file (type png)
<use fig/past/3-fitsinu-msm-curve.png>
Package pdftex.def Info: fig/past/3-fitsinu-msm-curve.png  used on input line 4
7.
(pdftex.def)             Requested size: 375.80542pt x 300.2346pt.


[14 <./fig/past/3-fitsinu-msm-hist.png> <./fig/past/3-fitsinu-msm-curve.png>]

[15]
<fig/past/3-fitsinu-ecdf.png, id=493, 852.18375pt x 573.64313pt>
File: fig/past/3-fitsinu-ecdf.png Graphic file (type png)
<use fig/past/3-fitsinu-ecdf.png>
Package pdftex.def Info: fig/past/3-fitsinu-ecdf.png  used on input line 100.
(pdftex.def)             Requested size: 375.80542pt x 252.9727pt.
 Excluding 'comment' comment.) (./3.2 alternative fitting.tex

[16 <./fig/past/3-fitsinu-ecdf.png>] Excluding 'comment' comment.
Overfull \hbox (50.8668pt too wide) in paragraph at lines 22--101
[][] 
 []



[17]
<fig/divpot contamin 0.01.pdf, id=511, 578.16pt x 433.62pt>
File: fig/divpot contamin 0.01.pdf Graphic file (type pdf)
<use fig/divpot contamin 0.01.pdf>
Package pdftex.def Info: fig/divpot contamin 0.01.pdf  used on input line 115.
(pdftex.def)             Requested size: 230.18251pt x 172.63109pt.
<fig/divpot contamin 0.1.pdf, id=512, 578.16pt x 433.62pt>
File: fig/divpot contamin 0.1.pdf Graphic file (type pdf)
<use fig/divpot contamin 0.1.pdf>
Package pdftex.def Info: fig/divpot contamin 0.1.pdf  used on input line 119.
(pdftex.def)             Requested size: 230.18251pt x 172.63109pt.
<fig/divpot contamin 0.5.pdf, id=513, 578.16pt x 433.62pt>
File: fig/divpot contamin 0.5.pdf Graphic file (type pdf)
<use fig/divpot contamin 0.5.pdf>
Package pdftex.def Info: fig/divpot contamin 0.5.pdf  used on input line 123.
(pdftex.def)             Requested size: 230.18251pt x 172.63109pt.
<fig/divpot contamin 1.pdf, id=514, 578.16pt x 433.62pt>
File: fig/divpot contamin 1.pdf Graphic file (type pdf)
<use fig/divpot contamin 1.pdf>
Package pdftex.def Info: fig/divpot contamin 1.pdf  used on input line 127.
(pdftex.def)             Requested size: 230.18251pt x 172.63109pt.
 Excluding 'comment' comment.)

[18 <./fig/divpot contamin 0.01.pdf> <./fig/divpot contamin 0.1.pdf> <./fig/div
pot contamin 0.5.pdf> <./fig/divpot contamin 1.pdf>]
Chapter 4.
(./4.1 data distn.tex) (./4.2 teststat distn.tex

[19

]
Overfull \hbox (11.42049pt too wide) in paragraph at lines 19--27
[]\OT1/cmr/m/n/10.95 Generate in-de-pen-dent Monte Carlo sam-ples $\OML/cmm/m/i
t/10.95 X[]; [] ; X[] [] []\OT1/cmr/m/n/10.95 (\OML/cmm/m/it/10.95 a; d; s; k\O
T1/cmr/m/n/10.95 )\OML/cmm/m/it/10.95 ;  b \OT1/cmr/m/n/10.95 = 1\OML/cmm/m/it/
10.95 ; \OT1/cmr/m/n/10.95 2\OML/cmm/m/it/10.95 ; [] ; B:$ 
 []

<fig/4-teststat.pdf, id=549, 572.1375pt x 427.5975pt>
File: fig/4-teststat.pdf Graphic file (type pdf)
<use fig/4-teststat.pdf>
Package pdftex.def Info: fig/4-teststat.pdf  used on input line 50.
(pdftex.def)             Requested size: 281.85585pt x 210.65337pt.

LaTeX Warning: `!h' float specifier changed to `!ht'.

) (./4.3 regression.tex

[20]

[21 <./fig/4-teststat.pdf>] Excluding 'comment' comment.

[22]) (./4.9 sinunet.tex
<fig/4.9-CDF (2).pdf, id=591, 283.0575pt x 210.7875pt>
File: fig/4.9-CDF (2).pdf Graphic file (type pdf)
<use fig/4.9-CDF (2).pdf>
Package pdftex.def Info: fig/4.9-CDF (2).pdf  used on input line 12.
(pdftex.def)             Requested size: 140.92792pt x 104.94963pt.
<fig/4.9-CDF (3).pdf, id=592, 283.0575pt x 210.7875pt>
File: fig/4.9-CDF (3).pdf Graphic file (type pdf)
<use fig/4.9-CDF (3).pdf>
Package pdftex.def Info: fig/4.9-CDF (3).pdf  used on input line 15.
(pdftex.def)             Requested size: 140.92792pt x 104.94963pt.
<fig/4.9-CDF (4).pdf, id=593, 283.0575pt x 210.7875pt>
File: fig/4.9-CDF (4).pdf Graphic file (type pdf)
<use fig/4.9-CDF (4).pdf>
Package pdftex.def Info: fig/4.9-CDF (4).pdf  used on input line 18.
(pdftex.def)             Requested size: 140.92792pt x 104.94963pt.
<fig/4.9-CDF (5).pdf, id=594, 283.0575pt x 210.7875pt>
File: fig/4.9-CDF (5).pdf Graphic file (type pdf)
<use fig/4.9-CDF (5).pdf>
Package pdftex.def Info: fig/4.9-CDF (5).pdf  used on input line 21.
(pdftex.def)             Requested size: 140.92792pt x 104.94963pt.
<fig/4.9-CDF (6).pdf, id=595, 283.0575pt x 210.7875pt>
File: fig/4.9-CDF (6).pdf Graphic file (type pdf)
<use fig/4.9-CDF (6).pdf>
Package pdftex.def Info: fig/4.9-CDF (6).pdf  used on input line 24.
(pdftex.def)             Requested size: 140.92792pt x 104.94963pt.
<fig/4.9-CDF (7).pdf, id=596, 283.0575pt x 210.7875pt>
File: fig/4.9-CDF (7).pdf Graphic file (type pdf)
<use fig/4.9-CDF (7).pdf>
Package pdftex.def Info: fig/4.9-CDF (7).pdf  used on input line 27.
(pdftex.def)             Requested size: 140.92792pt x 104.94963pt.
<fig/4.9-CDF (8).pdf, id=597, 283.0575pt x 210.7875pt>
File: fig/4.9-CDF (8).pdf Graphic file (type pdf)
<use fig/4.9-CDF (8).pdf>
Package pdftex.def Info: fig/4.9-CDF (8).pdf  used on input line 30.
(pdftex.def)             Requested size: 140.92792pt x 104.94963pt.
<fig/4.9-CDF (9).pdf, id=598, 283.0575pt x 210.7875pt>
File: fig/4.9-CDF (9).pdf Graphic file (type pdf)
<use fig/4.9-CDF (9).pdf>
Package pdftex.def Info: fig/4.9-CDF (9).pdf  used on input line 33.
(pdftex.def)             Requested size: 140.92792pt x 104.94963pt.
<fig/4.9-CDF (10).pdf, id=599, 283.0575pt x 210.7875pt>
File: fig/4.9-CDF (10).pdf Graphic file (type pdf)
<use fig/4.9-CDF (10).pdf>
Package pdftex.def Info: fig/4.9-CDF (10).pdf  used on input line 36.
(pdftex.def)             Requested size: 140.92792pt x 104.94963pt.


LaTeX Warning: `!h' float specifier changed to `!ht'.



[23]

[24 <./fig/4.9-CDF (2).pdf> <./fig/4.9-CDF (3).pdf> <./fig/4.9-CDF (4).pdf> <./
fig/4.9-CDF (5).pdf> <./fig/4.9-CDF (6).pdf> <./fig/4.9-CDF (7).pdf> <./fig/4.9
-CDF (8).pdf> <./fig/4.9-CDF (9).pdf> <./fig/4.9-CDF (10).pdf>]
<fig/4.9-NN-Loss.pdf, id=669, 572.1375pt x 427.5975pt>
File: fig/4.9-NN-Loss.pdf Graphic file (type pdf)
<use fig/4.9-NN-Loss.pdf>
Package pdftex.def Info: fig/4.9-NN-Loss.pdf  used on input line 82.
(pdftex.def)             Requested size: 225.48038pt x 168.51747pt.
<fig/4.9-NN-Acc.pdf, id=670, 572.1375pt x 427.5975pt>
File: fig/4.9-NN-Acc.pdf Graphic file (type pdf)
<use fig/4.9-NN-Acc.pdf>
Package pdftex.def Info: fig/4.9-NN-Acc.pdf  used on input line 89.
(pdftex.def)             Requested size: 225.48038pt x 168.51747pt.


[25 <./fig/4.9-NN-Loss.pdf> <./fig/4.9-NN-Acc.pdf>]) (./5 conclusion.tex)

[26]

[27

] (./99 appendix.tex

[28]
Appendix A.


[29

]
Appendix B.
<fig/2-planet.pdf, id=736, 770.88pt x 578.16pt>
File: fig/2-planet.pdf Graphic file (type pdf)
<use fig/2-planet.pdf>
Package pdftex.def Info: fig/2-planet.pdf  used on input line 38.
(pdftex.def)             Requested size: 328.82706pt x 246.619pt.


[30

]

LaTeX Warning: Reference `thm:transform' on page 31 undefined on input line 66.




[31 <./fig/2-planet.pdf>]

[32]

[33]
Overfull \hbox (5.87315pt too wide) detected at line 176
[]
 []



[34]

[35]

[36]

[37]
Overfull \hbox (2.60347pt too wide) detected at line 274
[]
 []



[38]
Appendix C.

Overfull \hbox (22.91458pt too wide) in paragraph at lines 279--283
\OT1/cmr/m/n/10.95 Loss: Av-er-age Cross-entropy (de-viance) per batch for a si
n-gle epoch. $\OML/cmm/m/it/10.95 R\OT1/cmr/m/n/10.95 (\OML/cmm/m/it/10.95 ^^R\
OT1/cmr/m/n/10.95 ) = \OMS/cmsy/m/n/10.95 ^^@ [][] [][] \OML/cmm/m/it/10.95 y[]
 [] f[]\OT1/cmr/m/n/10.95 (\OML/cmm/m/it/10.95 x[]\OT1/cmr/m/n/10.95 )$. 
 []

Excluding 'comment' comment.

[39

])

[40]

[41

] (./0 report.aux)
 ***********
LaTeX2e <2024-11-01> patch level 2
L3 programming layer <2025-01-18>
 ***********


LaTeX Warning: There were undefined references.

Package rerunfilecheck Info: File `"0 report".out' has not changed.
(rerunfilecheck)             Checksum: DF6551C44F19BF231125398FB7BD47B3;9226.
Package logreq Info: Writing requests to '"0 report".run.xml'.
\openout1 = `"0 report.run.xml"'.

 ) 
Here is how much of TeX's memory you used:
 23214 strings out of 473190
 405349 string characters out of 5719979
 1261458 words of memory out of 5000000
 45898 multiletter control sequences out of 15000+600000
 574296 words of font info for 100 fonts, out of 8000000 for 9000
 1141 hyphenation exceptions out of 8191
 75i,17n,81p,1187b,1673s stack positions out of 10000i,1000n,20000p,200000b,200000s

pdfTeX warning (dest): name{github.com/BoiBhai/Sinusoidal-Distribution.git} has
 been referenced but does not exist, replaced by a fixed one

 <c:/Users/baidu/.texlive2025/texmf-var/fonts/pk/ljfour/public/bbm/bbm10.657pk>
<c:/texlive/2025/texmf-dist/fonts/type1/public/amsfonts/cm/cmbx10.pfb><c:/texli
ve/2025/texmf-dist/fonts/type1/public/amsfonts/cm/cmbx12.pfb><c:/texlive/2025/t
exmf-dist/fonts/type1/public/amsfonts/cm/cmcsc10.pfb><c:/texlive/2025/texmf-dis
t/fonts/type1/public/amsfonts/cm/cmex10.pfb><c:/texlive/2025/texmf-dist/fonts/t
ype1/public/amsfonts/cm/cmmi10.pfb><c:/texlive/2025/texmf-dist/fonts/type1/publ
ic/amsfonts/cm/cmmi6.pfb><c:/texlive/2025/texmf-dist/fonts/type1/public/amsfont
s/cm/cmmi8.pfb><c:/texlive/2025/texmf-dist/fonts/type1/public/amsfonts/cm/cmr10
.pfb><c:/texlive/2025/texmf-dist/fonts/type1/public/amsfonts/cm/cmr12.pfb><c:/t
exlive/2025/texmf-dist/fonts/type1/public/amsfonts/cm/cmr17.pfb><c:/texlive/202
5/texmf-dist/fonts/type1/public/amsfonts/cm/cmr6.pfb><c:/texlive/2025/texmf-dis
t/fonts/type1/public/amsfonts/cm/cmr8.pfb><c:/texlive/2025/texmf-dist/fonts/typ
e1/public/amsfonts/cm/cmr9.pfb><c:/texlive/2025/texmf-dist/fonts/type1/public/a
msfonts/cm/cmsy10.pfb><c:/texlive/2025/texmf-dist/fonts/type1/public/amsfonts/c
m/cmsy6.pfb><c:/texlive/2025/texmf-dist/fonts/type1/public/amsfonts/cm/cmsy8.pf
b><c:/texlive/2025/texmf-dist/fonts/type1/public/amsfonts/cm/cmti10.pfb><c:/tex
live/2025/texmf-dist/fonts/type1/public/amsfonts/cm/cmti8.pfb><c:/texlive/2025/
texmf-dist/fonts/type1/public/amsfonts/cm/cmtt10.pfb><c:/texlive/2025/texmf-dis
t/fonts/type1/public/amsfonts/euler/eurm10.pfb><c:/texlive/2025/texmf-dist/font
s/type1/public/amsfonts/symbols/msam10.pfb><c:/texlive/2025/texmf-dist/fonts/ty
pe1/public/amsfonts/symbols/msbm10.pfb><c:/texlive/2025/texmf-dist/fonts/type1/
public/rsfs/rsfs10.pfb>
Output written on "0 report.pdf" (42 pages, 2943590 bytes).
PDF statistics:
 1036 PDF objects out of 1200 (max. 8388607)
 818 compressed objects within 9 object streams
 202 named destinations out of 1000 (max. 500000)
 541 words of extra memory for PDF output out of 10000 (max. 10000000)

